{"level":"info","message":"🔥 DailyHot API successfully runs on port 6688","timestamp":"2026-06-20 11:02:18"}
{"level":"info","message":"🔗 Local: 👉 http://localhost:6688","timestamp":"2026-06-20 11:02:18"}
{"level":"info","message":"🌐 [GET] https://m.weibo.cn/api/container/getIndex?containerid=106003type%3D25%26t%3D3%26disable_hot%3D1%26filter_type%3Drealtimehot&title=%E5%BE%AE%E5%8D%9A%E7%83%AD%E6%90%9C&extparam=filter_type%3Drealtimehot%26mi_cid%3D100103%26pos%3D0_0%26c_type%3D30%26display_time%3D1540538388&luicode=10000011&lfid=231583","timestamp":"2026-06-20 11:02:28"}
{"level":"error","message":"📦 [Redis] connection failed: connect ECONNREFUSED 127.0.0.1:6379","timestamp":"2026-06-20 11:02:28"}
{"level":"error","message":"📦 [Redis] connection failed: Connection is closed.","timestamp":"2026-06-20 11:02:28"}
{"level":"info","message":"💾 [NodeCache] https://m.weibo.cn/api/container/getIndex?containerid=106003type%3D25%26t%3D3%26disable_hot%3D1%26filter_type%3Drealtimehot&title=%E5%BE%AE%E5%8D%9A%E7%83%AD%E6%90%9C&extparam=filter_type%3Drealtimehot%26mi_cid%3D100103%26pos%3D0_0%26c_type%3D30%26display_time%3D1540538388&luicode=10000011&lfid=231583 has been cached","timestamp":"2026-06-20 11:02:28"}
{"level":"info","message":"✅ [200] request was successful","timestamp":"2026-06-20 11:02:28"}
{"level":"error","message":"❌ [ERROR] Cannot read properties of undefined (reading 'cards')","timestamp":"2026-06-20 11:02:28"}
{"level":"info","message":"🌐 [GET] https://m.weibo.cn/api/container/getIndex?containerid=106003type%3D25%26t%3D3%26disable_hot%3D1%26filter_type%3Drealtimehot&title=%E5%BE%AE%E5%8D%9A%E7%83%AD%E6%90%9C&extparam=filter_type%3Drealtimehot%26mi_cid%3D100103%26pos%3D0_0%26c_type%3D30%26display_time%3D1540538388&luicode=10000011&lfid=231583","timestamp":"2026-06-20 11:02:40"}
{"level":"info","message":"💾 [CHCHE] The request is cached","timestamp":"2026-06-20 11:02:40"}
{"level":"error","message":"❌ [ERROR] Cannot read properties of undefined (reading 'cards')","timestamp":"2026-06-20 11:02:40"}
{"level":"info","message":"🌐 [GET] https://api.zhihu.com/topstory/hot-lists/total?limit=50","timestamp":"2026-06-20 11:02:44"}
{"level":"info","message":"💾 [NodeCache] https://api.zhihu.com/topstory/hot-lists/total?limit=50 has been cached","timestamp":"2026-06-20 11:02:44"}
{"level":"info","message":"✅ [200] request was successful","timestamp":"2026-06-20 11:02:44"}
{"level":"info","message":"🌐 [GET] https://api.zhihu.com/topstory/hot-lists/total?limit=50","timestamp":"2026-06-20 11:02:49"}
{"level":"info","message":"💾 [CHCHE] The request is cached","timestamp":"2026-06-20 11:02:49"}
{"level":"info","message":"🌐 [GET] https://api.bilibili.com/x/web-interface/nav","timestamp":"2026-06-20 11:02:52"}
{"level":"info","message":"💾 [NodeCache] https://api.bilibili.com/x/web-interface/nav has been cached","timestamp":"2026-06-20 11:02:52"}
{"level":"info","message":"✅ [200] request was successful","timestamp":"2026-06-20 11:02:52"}
{"level":"info","message":"💾 [NodeCache] bilibili-wbi has been cached","timestamp":"2026-06-20 11:02:52"}
{"level":"info","message":"🌐 [GET] https://api.bilibili.com/x/web-interface/ranking/v2?rid=0&type=all&bar=514&baz=1919810&foo=114&wts=1781924573&w_rid=7c405f5c8facf5542be07b28eb7d067c","timestamp":"2026-06-20 11:02:52"}
{"level":"info","message":"💾 [NodeCache] https://api.bilibili.com/x/web-interface/ranking/v2?rid=0&type=all&bar=514&baz=1919810&foo=114&wts=1781924573&w_rid=7c405f5c8facf5542be07b28eb7d067c has been cached","timestamp":"2026-06-20 11:02:53"}
{"level":"info","message":"✅ [200] request was successful","timestamp":"2026-06-20 11:02:53"}
{"level":"info","message":"bilibili 新接口","timestamp":"2026-06-20 11:02:53"}
{"level":"info","message":"🗑️ [NodeCache] Key \"https://m.weibo.cn/api/container/getIndex?containerid=106003type%3D25%26t%3D3%26disable_hot%3D1%26filter_type%3Drealtimehot&title=%E5%BE%AE%E5%8D%9A%E7%83%AD%E6%90%9C&extparam=filter_type%3Drealtimehot%26mi_cid%3D100103%26pos%3D0_0%26c_type%3D30%26display_time%3D1540538388&luicode=10000011&lfid=231583\" has been deleted.","timestamp":"2026-06-20 11:12:28"}
{"level":"info","message":"⏳ [NodeCache] Key \"https://m.weibo.cn/api/container/getIndex?containerid=106003type%3D25%26t%3D3%26disable_hot%3D1%26filter_type%3Drealtimehot&title=%E5%BE%AE%E5%8D%9A%E7%83%AD%E6%90%9C&extparam=filter_type%3Drealtimehot%26mi_cid%3D100103%26pos%3D0_0%26c_type%3D30%26display_time%3D1540538388&luicode=10000011&lfid=231583\" has expired.","timestamp":"2026-06-20 11:12:28"}
{"level":"info","message":"🗑️ [NodeCache] Key \"https://api.zhihu.com/topstory/hot-lists/total?limit=50\" has been deleted.","timestamp":"2026-06-20 12:12:28"}
{"level":"info","message":"⏳ [NodeCache] Key \"https://api.zhihu.com/topstory/hot-lists/total?limit=50\" has expired.","timestamp":"2026-06-20 12:12:28"}
{"level":"info","message":"🗑️ [NodeCache] Key \"https://api.bilibili.com/x/web-interface/nav\" has been deleted.","timestamp":"2026-06-20 12:12:28"}
{"level":"info","message":"⏳ [NodeCache] Key \"https://api.bilibili.com/x/web-interface/nav\" has expired.","timestamp":"2026-06-20 12:12:28"}
{"level":"info","message":"🗑️ [NodeCache] Key \"bilibili-wbi\" has been deleted.","timestamp":"2026-06-20 12:12:28"}
{"level":"info","message":"⏳ [NodeCache] Key \"bilibili-wbi\" has expired.","timestamp":"2026-06-20 12:12:28"}
{"level":"info","message":"🗑️ [NodeCache] Key \"https://api.bilibili.com/x/web-interface/ranking/v2?rid=0&type=all&bar=514&baz=1919810&foo=114&wts=1781924573&w_rid=7c405f5c8facf5542be07b28eb7d067c\" has been deleted.","timestamp":"2026-06-20 12:12:28"}
{"level":"info","message":"⏳ [NodeCache] Key \"https://api.bilibili.com/x/web-interface/ranking/v2?rid=0&type=all&bar=514&baz=1919810&foo=114&wts=1781924573&w_rid=7c405f5c8facf5542be07b28eb7d067c\" has expired.","timestamp":"2026-06-20 12:12:28"}
